// Jest Snapshot v1, https://goo.gl/fbAQLP

exports[`Accordion  should render custom classnames 1`] = `
<ol
  class="class-test"
  data-testid="accordion"
>
  <li
    class="accordion-item"
    data-state="true"
    data-testid="accordion-item"
  >
    <button
      class="accordion-item_trigger"
      data-state="true"
      data-testid="accordion-trigger"
    >
      <div
        class="flex flex-col"
      >
        <h3
          class="accordion-item_header"
          data-testid="accordion-header"
        >
          Section 1 title
        </h3>
        <p
          class="accordion-item_caption accordion-item_caption--open"
          data-testid="accordion-caption"
        >
          caption-1
        </p>
      </div>
      <div
        class="accordion-button lg:hidden rotate-180"
        data-state="true"
        data-testid="accordion-button"
      >
        <span
          style="box-sizing: border-box; display: inline-block; overflow: hidden; background: none; opacity: 1; border: 0px; margin: 0px; padding: 0px; position: relative; max-width: 100%;"
        >
          <span
            style="box-sizing: border-box; display: block; background: none; opacity: 1; border: 0px; margin: 0px; padding: 0px; max-width: 100%;"
          >
            <img
              alt=""
              aria-hidden="true"
              src="data:image/svg+xml,%3csvg%20xmlns=%27http://www.w3.org/2000/svg%27%20version=%271.1%27%20width=%2732%27%20height=%2732%27/%3e"
              style="display: block; max-width: 100%; background: none; opacity: 1; border: 0px; margin: 0px; padding: 0px;"
            />
          </span>
          <img
            alt="Expand More"
            data-nimg="intrinsic"
            decoding="async"
            src="data:image/gif;base64,R0lGODlhAQABAIAAAAAAAP///yH5BAEAAAAALAAAAAABAAEAAAIBRAA7"
            style="position: absolute; top: 0px; left: 0px; bottom: 0px; right: 0px; box-sizing: border-box; padding: 0px; margin: auto; display: block; width: 0px; height: 0px; min-width: 100%; max-width: 100%; min-height: 100%; max-height: 100%;"
          />
          <noscript />
        </span>
      </div>
    </button>
    <div
      class="accordion-item_content accordion-item_content--open"
      data-testid="accordion-content-text"
    >
      content
    </div>
  </li>
  <li
    class="accordion-item"
    data-state="true"
    data-testid="accordion-item"
  >
    <button
      class="accordion-item_trigger"
      data-state="true"
      data-testid="accordion-trigger"
    >
      <div
        class="flex flex-col"
      >
        <h3
          class="accordion-item_header"
          data-testid="accordion-header"
        >
          Section 2 title
        </h3>
        <p
          class="accordion-item_caption accordion-item_caption--open"
          data-testid="accordion-caption"
        >
          caption-2
        </p>
      </div>
      <div
        class="accordion-button lg:hidden rotate-180"
        data-state="true"
        data-testid="accordion-button"
      >
        <span
          style="box-sizing: border-box; display: inline-block; overflow: hidden; background: none; opacity: 1; border: 0px; margin: 0px; padding: 0px; position: relative; max-width: 100%;"
        >
          <span
            style="box-sizing: border-box; display: block; background: none; opacity: 1; border: 0px; margin: 0px; padding: 0px; max-width: 100%;"
          >
            <img
              alt=""
              aria-hidden="true"
              src="data:image/svg+xml,%3csvg%20xmlns=%27http://www.w3.org/2000/svg%27%20version=%271.1%27%20width=%2732%27%20height=%2732%27/%3e"
              style="display: block; max-width: 100%; background: none; opacity: 1; border: 0px; margin: 0px; padding: 0px;"
            />
          </span>
          <img
            alt="Expand More"
            data-nimg="intrinsic"
            decoding="async"
            src="data:image/gif;base64,R0lGODlhAQABAIAAAAAAAP///yH5BAEAAAAALAAAAAABAAEAAAIBRAA7"
            style="position: absolute; top: 0px; left: 0px; bottom: 0px; right: 0px; box-sizing: border-box; padding: 0px; margin: auto; display: block; width: 0px; height: 0px; min-width: 100%; max-width: 100%; min-height: 100%; max-height: 100%;"
          />
          <noscript />
        </span>
      </div>
    </button>
    <div
      class="accordion-item_content accordion-item_content--open"
      data-testid="accordion-content-text"
    >
      content 2
    </div>
  </li>
  <li
    class="accordion-item"
    data-state="true"
    data-testid="accordion-item"
  >
    <button
      class="accordion-item_trigger"
      data-state="true"
      data-testid="accordion-trigger"
    >
      <div
        class="flex flex-col"
      >
        <h3
          class="accordion-item_header"
          data-testid="accordion-header"
        >
          Section 3 title
        </h3>
        <p
          class="accordion-item_caption accordion-item_caption--open"
          data-testid="accordion-caption"
        >
          caption-3
        </p>
      </div>
      <div
        class="accordion-button lg:hidden rotate-180"
        data-state="true"
        data-testid="accordion-button"
      >
        <span
          style="box-sizing: border-box; display: inline-block; overflow: hidden; background: none; opacity: 1; border: 0px; margin: 0px; padding: 0px; position: relative; max-width: 100%;"
        >
          <span
            style="box-sizing: border-box; display: block; background: none; opacity: 1; border: 0px; margin: 0px; padding: 0px; max-width: 100%;"
          >
            <img
              alt=""
              aria-hidden="true"
              src="data:image/svg+xml,%3csvg%20xmlns=%27http://www.w3.org/2000/svg%27%20version=%271.1%27%20width=%2732%27%20height=%2732%27/%3e"
              style="display: block; max-width: 100%; background: none; opacity: 1; border: 0px; margin: 0px; padding: 0px;"
            />
          </span>
          <img
            alt="Expand More"
            data-nimg="intrinsic"
            decoding="async"
            src="data:image/gif;base64,R0lGODlhAQABAIAAAAAAAP///yH5BAEAAAAALAAAAAABAAEAAAIBRAA7"
            style="position: absolute; top: 0px; left: 0px; bottom: 0px; right: 0px; box-sizing: border-box; padding: 0px; margin: auto; display: block; width: 0px; height: 0px; min-width: 100%; max-width: 100%; min-height: 100%; max-height: 100%;"
          />
          <noscript />
        </span>
      </div>
    </button>
    <div
      class="accordion-item_content accordion-item_content--open"
      data-testid="accordion-content-text"
    >
      content 3
    </div>
  </li>
</ol>
`;
